C51 COMPILER V9.57.0.0   MAIN                                                              12/03/2019 10:56:53 PAGE 1   


C51 COMPILER V9.57.0.0, COMPILATION OF MODULE MAIN
OBJECT MODULE PLACED IN .\Objects\main.obj
COMPILER INVOKED BY: E:\MDK\install\Core\C51\BIN\C51.EXE main.c OPTIMIZE(8,SPEED) BROWSE DEBUG OBJECTEXTEND PRINT(.\List
                    -ings\main.lst) OBJECT(.\Objects\main.obj)

line level    source

   1          #include <reg52.h>
   2          #include <intrins.h>
   3          #define uchar unsigned char
   4          #define uint unsigned int
   5          #define FSOC 11059200L
   6          #define CYCLE (12000000.0/FSOC)
   7          sbit HC138_A = P2^5;
   8          sbit HC138_B = P2^6;
   9          sbit HC138_C = P2^7;
  10          sbit TRIG=P1^0;         // Send
  11          sbit ECHO=P1^1;         // Recive
  12          uchar code tab[] = {0xc0,0xf9,0xa4,0xb0,0x99,0x92,0x82,0xf8,0x80,0x90,0x40,0x79,0x24,0x30,0x19,0x12,0x12,0
             -x78,0x00,0x12,0x9C,0xC6};
  13          uchar code select[] = {0x01,0x02,0x04,0x08,0x10,0x20,0x40,0x80};
  14          uint distence = 0;      // Distence
  15          
  16          /**********************************************************
  17          *  函数名称：10us延时@11.0592MHz
  18          *  修改日期：2019-12-3
  19          *  修改人：ZhangHJ
  20          *  说明：由STC-ISP软件自动生成
  21          ***********************************************************/
  22          void Delay10us()        //@11.0592MHz
  23          {
  24   1              unsigned char i;
  25   1              _nop_();
  26   1              i = 25;
  27   1              while (--i);
  28   1      }
  29          
  30          
  31          
  32          /**********************************************************
  33          *  函数名称：2ms延时@11.0592MHz
  34          *  修改日期：2019-12-3
  35          *  修改人：ZhangHJ
  36          *  说明：由STC-ISP软件自动生成
  37          ***********************************************************/
  38          void Delay2ms()         //@11.0592MHz
  39          {
  40   1              unsigned char i, j;
  41   1              _nop_();
  42   1              _nop_();
  43   1              i = 22;
  44   1              j = 128;
  45   1              do
  46   1              {
  47   2                      while (--j);
  48   2              } while (--i);
  49   1      }
  50          
  51          
  52          
  53          /**********************************************************
C51 COMPILER V9.57.0.0   MAIN                                                              12/03/2019 10:56:53 PAGE 2   

  54          *  函数名称：系统初始化
  55          *  修改日期：2019-12-3
  56          *  修改人：ZhangHJ
  57          *  说明：关闭开发板的蜂鸣器、继电器和LED
  58          ***********************************************************/
  59          void System_Init()
  60          {
  61   1              HC138_A = 1;
  62   1              HC138_B = 0;
  63   1              HC138_C = 1;
  64   1              WR = 0;
  65   1              P0 = 0x00;
  66   1              HC138_A = 0;
  67   1              HC138_B = 0;
  68   1              HC138_C = 1;
  69   1              WR = 0;
  70   1              P0 = 0xFF;
  71   1      }
  72          
  73          
  74          
  75          /**********************************************************
  76          *  函数名称：LED显示函数
  77          *  修改日期：2019-12-3
  78          *  修改人：ZhangHJ
  79          *  说明：用于显示距离数值
  80          *                1. 参数selection表示位选
  81          *                2. 参数segment表示位选数组索引值
  82          ***********************************************************/
  83          void LED_Display(uchar selection, uchar segment)
  84          {
  85   1              HC138_A = 0;
  86   1              HC138_B = 1;
  87   1              HC138_C = 1;
  88   1              WR = 0;
  89   1              P0 = 0x00;
  90   1              HC138_A = 1;
  91   1              HC138_B = 1;
  92   1              HC138_C = 1;
  93   1              WR = 0;
  94   1              P0 = tab[segment];
  95   1              HC138_A = 0;
  96   1              HC138_B = 1;
  97   1              HC138_C = 1;
  98   1              WR = 0;
  99   1              P0 = select[selection];
 100   1              Delay2ms();
 101   1              HC138_A = 1;
 102   1              HC138_B = 1;
 103   1              HC138_C = 1;
 104   1              WR = 0;
 105   1              P0 = 0xFF;
 106   1      }
 107          
 108          
 109          
 110          /**********************************************************
 111          *  函数名称：超声波触发
 112          *  修改日期：2019-12-3
 113          *  修改人：ZhangHJ
 114          *  说明：用于发送超声波触发信号
 115          *                1. 超声波触发需要由发送端口发送8个40KHz的脉冲信号
C51 COMPILER V9.57.0.0   MAIN                                                              12/03/2019 10:56:53 PAGE 3   

 116          *                2. 这里40KHz可能不太准确
 117          ***********************************************************/
 118          void Send_Info()
 119          {
 120   1              uint i;
 121   1              for(i=0; i<8; i++)
 122   1              {
 123   2                      TRIG = 1;
 124   2                      Delay10us();
 125   2                      TRIG = 0;
 126   2                      Delay10us();
 127   2              }
 128   1      }
 129          
 130          
 131          
 132          /**********************************************************
 133          *  函数名称：定时器T1配置
 134          *  修改日期：2019-12-3
 135          *  修改人：ZhangHJ
 136          *  说明：用于配置定时器T1
 137          *                1. 配置定时器1为12分频，定时模式方式1
 138          *                2. 初值设为0
 139          ***********************************************************/
 140          void Timer1_Init(void)
 141          {
 142   1              AUXR &= 0xBF;   // 定时器T1 12分频
 143   1              TMOD &= 0x0F;   // 定时器T1 方式1
 144   1              TL1 = 0x00;
 145   1              TH1 = 0x00;
 146   1              TF1 = 0;
 147   1      }
 148          
 149          
 150          
 151          /**********************************************************
 152          *  函数名称：测距函数
 153          *  修改日期：2019-12-3
 154          *  修改人：ZhangHJ
 155          *  说明：用于获取距离数据
 156          *                1. 在“定时器未溢出并且回响信号为高电平”时，持续计时
 157          *                2. 如果定时器溢出，说明距离太长；此时需要清除定时器溢出标志位
 158          *                3. 如果回响信号为低电平，说明回响时间正常；此时需要注意重置定时器初始值
 159          *                4. 根据定时器的数值计算距离
 160          ***********************************************************/
 161          void Get_Distence()
 162          {
 163   1              uint temp;
 164   1              TR1 = 1;
 165   1              while((ECHO)&&(!TF1));
 166   1              TR1 = 0;
 167   1              if(TF1)
 168   1              {
 169   2                      TF1 = 0;
 170   2                      distence = 999;
 171   2              }
 172   1              else
 173   1              {
 174   2                      temp = ((TH1 << 8) | TL1);
 175   2                      distence = temp * CYCLE * 0.017;
 176   2                      TL1 = 0x00;     
 177   2                      TH1 = 0x00;
C51 COMPILER V9.57.0.0   MAIN                                                              12/03/2019 10:56:53 PAGE 4   

 178   2              }
 179   1              distence = (uint)(distence*10);
 180   1      }
 181          
 182          
 183          
 184          // 主函数功能：超声波测距，在数码管上显示距离数值
 185          void main()
 186          {
 187   1              uint i;
 188   1              System_Init();
 189   1              Timer1_Init();
 190   1              while(1)
 191   1              {
 192   2                      Send_Info();
 193   2                      Get_Distence();
 194   2                      for(i=0; i<50; i++)             // 延时显示
 195   2                      {
 196   3                              LED_Display(4, distence/1000);
 197   3                              LED_Display(5, distence/100%10);
 198   3                              LED_Display(6, distence%100/10+10);
 199   3                              LED_Display(7, distence%10);
 200   3                      }
 201   2              }
 202   1      }


MODULE INFORMATION:   STATIC OVERLAYABLE
   CODE SIZE        =    329    ----
   CONSTANT SIZE    =     30    ----
   XDATA SIZE       =   ----    ----
   PDATA SIZE       =   ----    ----
   DATA SIZE        =      2    ----
   IDATA SIZE       =   ----    ----
   BIT SIZE         =   ----    ----
END OF MODULE INFORMATION.


C51 COMPILATION COMPLETE.  0 WARNING(S),  0 ERROR(S)
